// Jest Snapshot v1, https://goo.gl/fbAQLP

exports[`Should render expense list with empty message 1`] = `
<div>
  <p>
    No Expenses
  </p>
</div>
`;

exports[`Should render expense list with expense items 1`] = `
<div>
  <ExpenseListItems
    amount={195}
    createdAt={"1970-01-01T00:00:00.000Z"}
    description="Gum"
    id="1"
    key="1"
    notes=""
  />
  <ExpenseListItems
    amount={19500}
    createdAt={-345600000}
    description="Rent"
    id="2"
    key="2"
    notes=""
  />
  <ExpenseListItems
    amount={4500}
    createdAt={345600000}
    description="Credit card"
    id="3"
    key="3"
    notes=""
  />
</div>
`;
