// Jest Snapshot v1, https://goo.gl/fbAQLP

exports[`Should render an expense item 1`] = `
<Link
  className="list-item"
  to="./edit/1"
>
  <div
    className="list-item__wrapper"
  >
    <h3
      className="list-item__title"
    >
      Gum
    </h3>
    <br />
    <span
      className="list-item__sub-title"
    >
      January 1st 1970
    </span>
  </div>
  <h3
    className="list-item__data"
  >
    ₹1.95
  </h3>
</Link>
`;
